{
  "base_url": "https://119.45.216.38/",
  "schema_version": 1,
  "assets": 30,
  "asset_ids": [
    "pexels-9512048",
    "pexels-9512049",
    "pexels-5655044",
    "pexels-19862866",
    "pexels-31223596",
    "pexels-31223574",
    "pexels-8542242",
    "pexels-15396483",
    "pexels-8126749",
    "pexels-13929842",
    "pexels-5901084",
    "pexels-30789824",
    "pexels-35121693",
    "pexels-14127402",
    "pexels-7681932",
    "pexels-9558518",
    "pexels-7576167",
    "pexels-7576121",
    "pexels-10453489",
    "pexels-7760056",
    "pexels-5405659",
    "pexels-9510018",
    "pexels-9430550",
    "pexels-9433414",
    "pexels-7679426",
    "pexels-8322393",
    "pexels-8322396",
    "pexels-8386976",
    "pexels-6640201",
    "pexels-6752227"
  ]
}
